// Jest Snapshot v1, https://goo.gl/fbAQLP

exports[`<WeekDaysChekbox/> should macth snapshot 1`] = `
.c2 >input {
  display: none;
}

.c2 >span {
  display: flex;
  justify-content: center;
  align-items: center;
  width: 25px;
  height: 25px;
  border-radius: 50%;
  border: 3px solid #5C59BB;
  cursor: pointer;
}

.c2 >span >img {
  display: none;
}

.c2 >input:checked~span >img {
  display: block;
}

.c0 {
  margin: 8px 0;
  display: flex;
  gap: 8px;
}

.c0 .c1 >span {
  border: 1px solid #5C59BB;
  text-align: center;
  cursor: pointer;
  background-color: #F6F7F8;
}

.c0 .c1 >input:checked~span {
  background-color: #5C59BB;
  color: #F6F7F8;
}

<div>
  <div
    class="c0"
    data-testid="weekDaysCheckBox"
  >
    <label
      class="c1 c2"
      for="checkbox-Sunday"
    >
      <input
        data-testid="checkbox"
        id="checkbox-Sunday"
        name="Sunday"
        role="textbox"
        type="checkbox"
        value="D"
      />
      <span
        aria-label="checkbox"
      >
        D
      </span>
    </label>
    <label
      class="c1 c2"
      for="checkbox-Monday"
    >
      <input
        data-testid="checkbox"
        id="checkbox-Monday"
        name="Monday"
        role="textbox"
        type="checkbox"
        value="S"
      />
      <span
        aria-label="checkbox"
      >
        S
      </span>
    </label>
    <label
      class="c1 c2"
      for="checkbox-Tuesday"
    >
      <input
        data-testid="checkbox"
        id="checkbox-Tuesday"
        name="Tuesday"
        role="textbox"
        type="checkbox"
        value="T"
      />
      <span
        aria-label="checkbox"
      >
        T
      </span>
    </label>
    <label
      class="c1 c2"
      for="checkbox-Wednesday"
    >
      <input
        data-testid="checkbox"
        id="checkbox-Wednesday"
        name="Wednesday"
        role="textbox"
        type="checkbox"
        value="Q"
      />
      <span
        aria-label="checkbox"
      >
        Q
      </span>
    </label>
    <label
      class="c1 c2"
      for="checkbox-Thursday"
    >
      <input
        data-testid="checkbox"
        id="checkbox-Thursday"
        name="Thursday"
        role="textbox"
        type="checkbox"
        value="Q"
      />
      <span
        aria-label="checkbox"
      >
        Q
      </span>
    </label>
    <label
      class="c1 c2"
      for="checkbox-Friday"
    >
      <input
        data-testid="checkbox"
        id="checkbox-Friday"
        name="Friday"
        role="textbox"
        type="checkbox"
        value="S"
      />
      <span
        aria-label="checkbox"
      >
        S
      </span>
    </label>
    <label
      class="c1 c2"
      for="checkbox-Saturday"
    >
      <input
        data-testid="checkbox"
        id="checkbox-Saturday"
        name="Saturday"
        role="textbox"
        type="checkbox"
        value="S"
      />
      <span
        aria-label="checkbox"
      >
        S
      </span>
    </label>
  </div>
</div>
`;
